// Jest Snapshot v1, https://goo.gl/fbAQLP

exports[`Select renders Select with two options 1`] = `
<label>
  Symbol
  <select>
    <option>
      X
    </option>
    <option>
      Y
    </option>
  </select>
</label>
`;
